// Jest Snapshot v1, https://goo.gl/fbAQLP

exports[`snapshots testing snapshots for ContinentDetails component 1`] = `null`;
