// Jest Snapshot v1, https://goo.gl/fbAQLP

exports[`snapshots testing snapshots for Home component 1`] = `null`;
